../Core/Src/main.c:87:6:ADC_Select_CH0	8	static
../Core/Src/main.c:96:6:ADC_Select_CH1	8	static
../Core/Src/main.c:110:5:main	16	static
../Core/Src/main.c:229:6:SystemClock_Config	88	static
../Core/Src/main.c:275:13:MX_ADC1_Init	24	static
../Core/Src/main.c:336:13:MX_I2C1_Init	8	static
../Core/Src/main.c:370:13:MX_TIM1_Init	96	static
../Core/Src/main.c:445:13:MX_TIM2_Init	64	static
../Core/Src/main.c:502:13:MX_DMA_Init	16	static
../Core/Src/main.c:520:13:MX_GPIO_Init	24	static
../Core/Src/main.c:543:6:Error_Handler	4	static,ignoring_inline_asm
